{
	"name": "Advanced Test Project",
	"version": "2.0.0",
	"description": "Advanced test project"
}
