{
	"name": "filename-conditional-bug-test",
	"version": "1.0.0",
	"description": "Test for filename conditional bug"
}
