{
	"test": "../simple.json",
	"simple": "value"
}
