{
	"name": "my-project",
	"version": "1.0.0",
	"description": "A test project"
}
