{
	"name": "example-1",
	"version": "1.0.0",
	"description": "Example template that includes base"
}
