{
	"name": "Plugma",
	"scripts": {
		"start": "ts-node src/index.ts",
		"build": "tsc"
	},
	"dependencies": {
		"express": "^4.17.1",
		"plugma": "^1.0.0",
		"typescript": "^4.5.0",
		"ts-node": "^10.4.0"
	}
}
