{
	"name": "flexible-conditional-test",
	"version": "1.0.0",
	"description": "Test flexible conditional include paths"
}
