{
	"compilerOptions": {
		"target": "ES2020",
		"module": "ESNext",
		"moduleResolution": "node",
		"strict": true,
		"esModuleInterop": true,
		"skipLibCheck": true,
		"forceConsistentCasingInFileNames": true,
		"jsx": "react-jsx",
		"lib": ["ES2020", "DOM", "DOM.Iterable"],
		"allowJs": true,
		"outDir": "./dist",
		"rootDir": "./src"
	},
	"include": ["src/**/*"],
	"exclude": ["node_modules", "dist"]
}
