{
    "name": "Test Project",
    "version": "1.0.0",
    "description": "A test project for conditional folder testing",
    "main": "index.js",
    "scripts": {
        "test": "echo \"Error: no test specified\" && exit 1"
    },
    "keywords": [],
    "author": "",
    "license": "ISC"
}
