{
	"files": [],
	"references": [{ "path": "src/main/tsconfig.json" }]
}
