{
	"cwdExample": "./src",
	"relativeExample": "./node_modules",
	"absoluteExample": "./dist",
	"nestedExample": "./src/components"
}
