{
	"compilerOptions": {
		"target": "ES2020",
		"module": "ESNext",
		"moduleResolution": "node",
		"strict": true,
		"esModuleInterop": true,
		"skipLibCheck": true,
		"forceConsistentCasingInFileNames": true,
		"baseUrl": ".",
		"paths": {
			"@/*": ["src/*"],
			"@components/*": ["src/components/*"]
		},
		"jsx": "react-jsx"
	},
	"include": ["src/**/*", "components/**/*"],
	"exclude": ["node_modules", "dist", "build"]
}
